// Jest Snapshot v1, https://goo.gl/fbAQLP

exports[`LoginComponent should render <Login /> 1`] = `
Array [
  <h1>
    Hi React!
</h1>,
]
`;
